
> dd-chatbot@0.0.0 build
> tsc -b && vite build

[36mvite v7.3.0 [32mbuilding client environment for production...[36m[39m
transforming...
[32mÔ£ô[39m 1030 modules transformed.
node.exe : [31mÔ£ù[39m 
Build failed in 2.23s
En C:\Program 
Files\nodejs\npm.ps1: 29 
Carácter: 3
+   & $NODE_EXE 
$NPM_CLI_JS $args
+   ~~~~~~~~~~~~~~~~~~~~~~~
~~~~~~
    + CategoryInfo         
     : NotSpecified: ([3  
  1mÔ£ù[39m Build faile   
 d in 2.23s:String) [],    
 RemoteException
    + FullyQualifiedErrorI 
   d : NativeCommandError
 
[31merror during build:
[31mCould not resolve 
"./Alliance.css" from "src/
components/LandingPage.tsx"
[31m
file: [36mC:/Users/s_pk_/D
esktop/MANUEL/CHATBOT/src/c
omponents/LandingPage.tsx[
31m
    at getRollupError (file
:///C:/Users/s_pk_/Desktop/
MANUEL/CHATBOT/node_modules
/rollup/dist/es/shared/pars
eAst.js:401:41)
    at error (file:///C:/Us
ers/s_pk_/Desktop/MANUEL/CH
ATBOT/node_modules/rollup/d
ist/es/shared/parseAst.js:3
97:42)
    at ModuleLoader.handleI
nvalidResolvedId (file:///C
:/Users/s_pk_/Desktop/MANUE
L/CHATBOT/node_modules/roll
up/dist/es/shared/node-entr
y.js:21628:24)
    at file:///C:/Users/s_p
k_/Desktop/MANUEL/CHATBOT/n
ode_modules/rollup/dist/es/
shared/node-entry.js:21588:
26[39m
