src/App.tsx(33,10): error TS6133: 'isUploading' is declared but its value is never read.
src/App.tsx(34,10): error TS6133: 'isAdminMenuOpen' is declared but its value is never read.
src/App.tsx(34,27): error TS6133: 'setIsAdminMenuOpen' is declared but its value is never read.
src/App.tsx(70,10): error TS6133: 'userProfile' is declared but its value is never read.
src/components/AdminPanel.tsx(267,62): error TS2304: Cannot find name 'LayoutDashboard'.
src/components/AdminPanel.tsx(268,65): error TS2552: Cannot find name 'Clock'. Did you mean 'Lock'?
src/components/AdminPanel.tsx(269,66): error TS2304: Cannot find name 'Truck'.
src/components/AdminPanel.tsx(270,61): error TS2304: Cannot find name 'Wrench'.
src/components/AdminPanel.tsx(271,62): error TS2304: Cannot find name 'Users'.
src/components/AdminPanel.tsx(272,61): error TS2304: Cannot find name 'DollarSign'.
src/components/AdminPanel.tsx(273,62): error TS2304: Cannot find name 'User'.
src/components/AdminPanel.tsx(274,61): error TS2304: Cannot find name 'ExternalLink'.
src/components/AdminPanel.tsx(423,32): error TS2304: Cannot find name 'Edit3'.
src/components/AdminPanel.tsx(741,24): error TS2304: Cannot find name 'Users'.
src/components/HomePanel.tsx(14,85): error TS6133: 'userEmail' is declared but its value is never read.
src/components/LandingPage.tsx(1,10): error TS6133: 'useEffect' is declared but its value is never read.
src/components/LandingPage.tsx(177,24): error TS2304: Cannot find name 'Loader2'.
src/components/Login.tsx(2,1): error TS6133: 'GlobalNavbar' is declared but its value is never read.
src/components/Login.tsx(16,39): error TS2304: Cannot find name 'useState'.
src/components/Login.tsx(17,31): error TS2304: Cannot find name 'useState'.
src/components/Login.tsx(18,37): error TS2304: Cannot find name 'useState'.
src/components/Login.tsx(20,5): error TS2304: Cannot find name 'useEffect'.
src/components/Login.tsx(29,36): error TS2304: Cannot find name 'supabase'.
src/components/Login.tsx(49,37): error TS2304: Cannot find name 'supabase'.
src/components/Login.tsx(143,52): error TS7006: Parameter 'p' implicitly has an 'any' type.
src/components/Login.tsx(143,55): error TS7006: Parameter 'i' implicitly has an 'any' type.
src/components/ProfilePanel.tsx(1,1): error TS6133: 'supabase' is declared but its value is never read.
